// Jest Snapshot v1, https://goo.gl/fbAQLP

exports[`<Text /> should render Text component 1`] = `<Text />`;
